Component: Arm Compiler for Embedded 6.19 Tool: armlink [5e73cb00]

==============================================================================

Section Cross References

    main.o(.text.main) refers to spi.o(.spi_driver_code) for Clock_init
    main.o(.text.main) refers to lpit.o(.lpit_driver_code) for LPIT_Init
    main.o(.text.main) refers to uart.o(.uart_driver_code) for Lpuart_Init
    main.o(.text.main) refers to gpio.o(.gpio_driver_code) for GPIO_Init
    main.o(.text.main) refers to main.o(.uart_driver_bss) for t_state
    main.o(.text.main) refers to main.o(.uart_driver_data) for adjust_mode
    main.o(.text.main) refers to uart_isr.o(.uart_driver_code) for uart_program
    main.o(.ARM.exidx.text.main) refers to main.o(.text.main) for [Anonymous Symbol]
    gpio.o(.ARM.exidx.gpio_driver_code) refers to gpio.o(.gpio_driver_code) for [Anonymous Symbol]
    gpio_isr.o(.gpio_driver_code) refers to main.o(.uart_driver_data) for adjust_mode
    gpio_isr.o(.gpio_driver_code) refers to gpio_isr.o(.gpio_driver_bss) for mode
    gpio_isr.o(.gpio_driver_code) refers to main.o(.uart_driver_bss) for mm
    gpio_isr.o(.ARM.exidx.gpio_driver_code) refers to gpio_isr.o(.gpio_driver_code) for [Anonymous Symbol]
    systick.o(.ARM.exidx.text.Systick_Init) refers to systick.o(.text.Systick_Init) for [Anonymous Symbol]
    systick_isr.o(.ARM.exidx.text.SysTick_Handler) refers to systick_isr.o(.text.SysTick_Handler) for [Anonymous Symbol]
    lpit.o(.lpit_driver_code) refers to lpit.o(.lpit_driver_data) for Check_Alarm
    lpit.o(.lpit_driver_code) refers to main.o(.lpit_driver_bss) for Check_timer
    lpit.o(.lpit_driver_code) refers to main.o(.uart_driver_bss) for ss
    lpit.o(.lpit_driver_code) refers to main.o(.uart_driver_data) for hh
    lpit.o(.lpit_driver_code) refers to lpit.o(.lpit_driver_bss) for TimeOutAlarm
    lpit.o(.lpit_driver_code) refers to gpio.o(.gpio_driver_code) for Turn_off_led
    lpit.o(.ARM.exidx.lpit_driver_code) refers to lpit.o(.lpit_driver_code) for [Anonymous Symbol]
    lpit_isr.o(.lpit_driver_code) refers to main.o(.lpit_driver_bss) for Check_timer
    lpit_isr.o(.lpit_driver_code) refers to main.o(.uart_driver_bss) for wait_alam
    lpit_isr.o(.lpit_driver_code) refers to lpit.o(.lpit_driver_data) for Check_Alarm
    lpit_isr.o(.lpit_driver_code) refers to lpit.o(.lpit_driver_bss) for TimeOutAlarm
    lpit_isr.o(.ARM.exidx.lpit_driver_code) refers to lpit_isr.o(.lpit_driver_code) for [Anonymous Symbol]
    uart.o(.uart_driver_code) refers to main.o(.uart_driver_bss) for t_state
    uart.o(.uart_driver_code) refers to uart.o(.uart_driver_bss) for t_length
    uart.o(.ARM.exidx.uart_driver_code) refers to uart.o(.uart_driver_code) for [Anonymous Symbol]
    uart_isr.o(.uart_driver_code) refers to uart_isr.o(.uart_driver_bss) for uart_data
    uart_isr.o(.uart_driver_code) refers to main.o(.uart_driver_data) for string
    uart_isr.o(.uart_driver_code) refers to uart_isr.o(.uart_driver_data) for trans
    uart_isr.o(.uart_driver_code) refers to uart.o(.uart_driver_code) for Uart_Transmit
    uart_isr.o(.uart_driver_code) refers to main.o(.uart_driver_bss) for mm
    uart_isr.o(.ARM.exidx.uart_driver_code) refers to uart_isr.o(.uart_driver_code) for [Anonymous Symbol]
    spi.o(.spi_driver_code) refers to main.o(.uart_driver_bss) for ss
    spi.o(.spi_driver_code) refers to main.o(.uart_driver_data) for hh
    spi.o(.ARM.exidx.spi_driver_code) refers to spi.o(.spi_driver_code) for [Anonymous Symbol]
    startup.o(.text.init_data_bss) refers to startup_s32k144.o(.text) for __RAM_VECTOR_TABLE_SIZE
    startup.o(.text.init_data_bss) refers to startup.o(.rodata.s_vectors) for s_vectors
    startup.o(.ARM.exidx.text.init_data_bss) refers to startup.o(.text.init_data_bss) for [Anonymous Symbol]
    startup_s32k144.o(.text) refers (Special) to main.o(.text.main) for main
    startup_s32k144.o(.text) refers to startup_s32k144.o(FlashConfig) for FlashConfig
    startup_s32k144.o(.text) refers to startup_s32k144.o(RESET) for __Vectors
    startup_s32k144.o(.text) refers to system_s32k144.o(.text.SystemInit) for SystemInit
    startup_s32k144.o(.text) refers to startup.o(.text.init_data_bss) for init_data_bss
    startup_s32k144.o(.text) refers to __main.o(!!!main) for __main
    startup_s32k144.o(RESET) refers (Special) to main.o(.text.main) for main
    startup_s32k144.o(RESET) refers to startup_s32k144.o(.text) for Reset_Handler
    startup_s32k144.o(RESET) refers to systick_isr.o(.text.SysTick_Handler) for SysTick_Handler
    startup_s32k144.o(RESET) refers to uart_isr.o(.uart_driver_code) for LPUART1_RxTx_IRQHandler
    startup_s32k144.o(RESET) refers to lpit_isr.o(.lpit_driver_code) for LPIT0_Ch0_IRQHandler
    startup_s32k144.o(RESET) refers to gpio_isr.o(.gpio_driver_code) for PORTC_IRQHandler
    startup_s32k144.o(FlashConfig) refers (Special) to main.o(.text.main) for main
    system_s32k144.o(.ARM.exidx.text.SystemInit) refers to system_s32k144.o(.text.SystemInit) for [Anonymous Symbol]
    system_s32k144.o(.text.SystemCoreClockUpdate) refers to system_s32k144.o(.rodata.SystemCoreClockUpdate.fircFreq) for SystemCoreClockUpdate.fircFreq
    system_s32k144.o(.text.SystemCoreClockUpdate) refers to system_s32k144.o(.data.SystemCoreClock) for SystemCoreClock
    system_s32k144.o(.ARM.exidx.text.SystemCoreClockUpdate) refers to system_s32k144.o(.text.SystemCoreClockUpdate) for [Anonymous Symbol]
    system_s32k144.o(.ARM.exidx.text.SystemSoftwareReset) refers to system_s32k144.o(.text.SystemSoftwareReset) for [Anonymous Symbol]
    __main.o(!!!main) refers to __rtentry.o(.ARM.Collect$$rtentry$$00000000) for __rt_entry
    __rtentry.o(.ARM.Collect$$rtentry$$00000000) refers (Special) to __rtentry2.o(.ARM.Collect$$rtentry$$0000000A) for __rt_entry_li
    __rtentry.o(.ARM.Collect$$rtentry$$00000000) refers (Special) to __rtentry2.o(.ARM.Collect$$rtentry$$0000000D) for __rt_entry_main
    __rtentry.o(.ARM.Collect$$rtentry$$00000000) refers (Special) to __rtentry2.o(.ARM.Collect$$rtentry$$0000000C) for __rt_entry_postli_1
    __rtentry.o(.ARM.Collect$$rtentry$$00000000) refers (Special) to __rtentry2.o(.ARM.Collect$$rtentry$$00000009) for __rt_entry_postsh_1
    __rtentry.o(.ARM.Collect$$rtentry$$00000000) refers (Special) to __rtentry2.o(.ARM.Collect$$rtentry$$00000002) for __rt_entry_presh_1
    __rtentry.o(.ARM.Collect$$rtentry$$00000000) refers (Special) to __rtentry7.o(.ARM.Collect$$rtentry$$00000007) for __rt_entry_sh
    __rtentry2.o(.ARM.Collect$$rtentry$$00000008) refers to boardinit2.o(.text) for _platform_post_stackheap_init
    __rtentry2.o(.ARM.Collect$$rtentry$$0000000A) refers to libinit.o(.ARM.Collect$$libinit$$00000000) for __rt_lib_init
    __rtentry2.o(.ARM.Collect$$rtentry$$0000000B) refers to boardinit3.o(.text) for _platform_post_lib_init
    __rtentry2.o(.ARM.Collect$$rtentry$$0000000D) refers to main.o(.text.main) for main
    __rtentry2.o(.ARM.Collect$$rtentry$$0000000D) refers to exit.o(.text) for exit
    __rtentry2.o(.ARM.exidx) refers to __rtentry2.o(.ARM.Collect$$rtentry$$00000001) for .ARM.Collect$$rtentry$$00000001
    __rtentry2.o(.ARM.exidx) refers to __rtentry2.o(.ARM.Collect$$rtentry$$00000008) for .ARM.Collect$$rtentry$$00000008
    __rtentry2.o(.ARM.exidx) refers to __rtentry2.o(.ARM.Collect$$rtentry$$0000000A) for .ARM.Collect$$rtentry$$0000000A
    __rtentry2.o(.ARM.exidx) refers to __rtentry2.o(.ARM.Collect$$rtentry$$0000000B) for .ARM.Collect$$rtentry$$0000000B
    __rtentry2.o(.ARM.exidx) refers to __rtentry2.o(.ARM.Collect$$rtentry$$0000000D) for .ARM.Collect$$rtentry$$0000000D
    __rtentry4.o(.ARM.Collect$$rtentry$$00000004) refers to sys_stackheap_outer.o(.text) for __user_setup_stackheap
    __rtentry4.o(.ARM.exidx) refers to __rtentry4.o(.ARM.Collect$$rtentry$$00000004) for .ARM.Collect$$rtentry$$00000004
    __rtentry7.o(.ARM.Collect$$rtentry$$00000007) refers to __rtentry7.o(.ARM.Collect$$rtentry$$00002718) for __lit__00000000
    __rtentry7.o(__vectab_stack_and_reset_2_area) refers to __main.o(!!!main) for __main
    __rtentry7.o(.ARM.exidx) refers to __rtentry7.o(.ARM.Collect$$rtentry$$00000007) for .ARM.Collect$$rtentry$$00000007
    __rtentry7.o(.ARM.exidx) refers to __rtentry7.o(.ARM.Collect$$rtentry$$00002718) for .ARM.Collect$$rtentry$$00002718
    sys_stackheap_outer.o(.text) refers to libspace.o(.text) for __user_perproc_libspace
    sys_stackheap_outer.o(.text) refers to sys_stackheap.o(.text) for __user_initial_stackheap
    exit.o(.text) refers to rtexit.o(.ARM.Collect$$rtexit$$00000000) for __rt_exit
    libinit.o(.ARM.Collect$$libinit$$00000000) refers (Special) to libinit2.o(.ARM.Collect$$libinit$$00000030) for __rt_lib_init_alloca_1
    libinit.o(.ARM.Collect$$libinit$$00000000) refers (Special) to libinit2.o(.ARM.Collect$$libinit$$0000002E) for __rt_lib_init_argv_1
    libinit.o(.ARM.Collect$$libinit$$00000000) refers (Special) to libinit2.o(.ARM.Collect$$libinit$$0000001D) for __rt_lib_init_atexit_1
    libinit.o(.ARM.Collect$$libinit$$00000000) refers (Special) to libinit2.o(.ARM.Collect$$libinit$$00000023) for __rt_lib_init_clock_1
    libinit.o(.ARM.Collect$$libinit$$00000000) refers (Special) to libinit2.o(.ARM.Collect$$libinit$$00000034) for __rt_lib_init_cpp_1
    libinit.o(.ARM.Collect$$libinit$$00000000) refers (Special) to libinit2.o(.ARM.Collect$$libinit$$00000032) for __rt_lib_init_exceptions_1
    libinit.o(.ARM.Collect$$libinit$$00000000) refers (Special) to libinit2.o(.ARM.Collect$$libinit$$00000001) for __rt_lib_init_fp_1
    libinit.o(.ARM.Collect$$libinit$$00000000) refers (Special) to libinit2.o(.ARM.Collect$$libinit$$00000021) for __rt_lib_init_fp_trap_1
    libinit.o(.ARM.Collect$$libinit$$00000000) refers (Special) to libinit2.o(.ARM.Collect$$libinit$$00000025) for __rt_lib_init_getenv_1
    libinit.o(.ARM.Collect$$libinit$$00000000) refers (Special) to libinit2.o(.ARM.Collect$$libinit$$0000000C) for __rt_lib_init_heap_1
    libinit.o(.ARM.Collect$$libinit$$00000000) refers (Special) to libinit2.o(.ARM.Collect$$libinit$$00000013) for __rt_lib_init_lc_collate_1
    libinit.o(.ARM.Collect$$libinit$$00000000) refers (Special) to libinit2.o(.ARM.Collect$$libinit$$00000015) for __rt_lib_init_lc_ctype_1
    libinit.o(.ARM.Collect$$libinit$$00000000) refers (Special) to libinit2.o(.ARM.Collect$$libinit$$00000017) for __rt_lib_init_lc_monetary_1
    libinit.o(.ARM.Collect$$libinit$$00000000) refers (Special) to libinit2.o(.ARM.Collect$$libinit$$00000019) for __rt_lib_init_lc_numeric_1
    libinit.o(.ARM.Collect$$libinit$$00000000) refers (Special) to libinit2.o(.ARM.Collect$$libinit$$0000001B) for __rt_lib_init_lc_time_1
    libinit.o(.ARM.Collect$$libinit$$00000000) refers (Special) to libinit2.o(.ARM.Collect$$libinit$$00000006) for __rt_lib_init_preinit_1
    libinit.o(.ARM.Collect$$libinit$$00000000) refers (Special) to libinit2.o(.ARM.Collect$$libinit$$00000010) for __rt_lib_init_rand_1
    libinit.o(.ARM.Collect$$libinit$$00000000) refers (Special) to libinit2.o(.ARM.Collect$$libinit$$00000004) for __rt_lib_init_relocate_pie_1
    libinit.o(.ARM.Collect$$libinit$$00000000) refers (Special) to libinit2.o(.ARM.Collect$$libinit$$00000035) for __rt_lib_init_return
    libinit.o(.ARM.Collect$$libinit$$00000000) refers (Special) to libinit2.o(.ARM.Collect$$libinit$$0000001F) for __rt_lib_init_signal_1
    libinit.o(.ARM.Collect$$libinit$$00000000) refers (Special) to libinit2.o(.ARM.Collect$$libinit$$00000027) for __rt_lib_init_stdio_1
    libinit.o(.ARM.Collect$$libinit$$00000000) refers (Special) to libinit2.o(.ARM.Collect$$libinit$$0000000E) for __rt_lib_init_user_alloc_1
    libspace.o(.text) refers to libspace.o(.bss) for __libspace_start
    sys_stackheap.o(.text) refers (Special) to indicate_semi.o(.text) for __semihosting_library_function
    sys_stackheap.o(.text) refers to use_no_semi.o(.text) for __I$use$semihosting
    sys_stackheap_hlt.o(.text) refers (Special) to indicate_semi.o(.text) for __semihosting_library_function
    sys_stackheap_hlt.o(.text) refers to use_no_semi.o(.text) for __I$use$semihosting
    rtexit.o(.ARM.Collect$$rtexit$$00000000) refers (Special) to rtexit2.o(.ARM.Collect$$rtexit$$00000004) for __rt_exit_exit
    rtexit.o(.ARM.Collect$$rtexit$$00000000) refers (Special) to rtexit2.o(.ARM.Collect$$rtexit$$00000003) for __rt_exit_ls
    rtexit.o(.ARM.Collect$$rtexit$$00000000) refers (Special) to rtexit2.o(.ARM.Collect$$rtexit$$00000002) for __rt_exit_prels_1
    rtexit.o(.ARM.exidx) refers (Special) to rtexit2.o(.ARM.Collect$$rtexit$$00000004) for __rt_exit_exit
    rtexit.o(.ARM.exidx) refers (Special) to rtexit2.o(.ARM.Collect$$rtexit$$00000003) for __rt_exit_ls
    rtexit.o(.ARM.exidx) refers (Special) to rtexit2.o(.ARM.Collect$$rtexit$$00000002) for __rt_exit_prels_1
    rtexit.o(.ARM.exidx) refers to rtexit.o(.ARM.Collect$$rtexit$$00000000) for .ARM.Collect$$rtexit$$00000000
    libinit2.o(.ARM.Collect$$libinit$$00000001) refers to fpinit.o(x$fpl$fpinit) for _fp_init
    libinit2.o(.ARM.Collect$$libinit$$00000012) refers to libinit2.o(.ARM.Collect$$libinit$$00000011) for .ARM.Collect$$libinit$$00000011
    libinit2.o(.ARM.Collect$$libinit$$00000014) refers to libinit2.o(.ARM.Collect$$libinit$$00000011) for .ARM.Collect$$libinit$$00000011
    libinit2.o(.ARM.Collect$$libinit$$00000016) refers to libinit2.o(.ARM.Collect$$libinit$$00000011) for .ARM.Collect$$libinit$$00000011
    libinit2.o(.ARM.Collect$$libinit$$00000018) refers to libinit2.o(.ARM.Collect$$libinit$$00000011) for .ARM.Collect$$libinit$$00000011
    libinit2.o(.ARM.Collect$$libinit$$0000001A) refers to libinit2.o(.ARM.Collect$$libinit$$00000011) for .ARM.Collect$$libinit$$00000011
    libinit2.o(.ARM.Collect$$libinit$$00000028) refers to argv_veneer.o(.emb_text) for __ARM_argv_veneer
    libinit2.o(.ARM.Collect$$libinit$$00000029) refers to argv_veneer.o(.emb_text) for __ARM_argv_veneer
    libinit5.o(.ARM.Collect$$libinit$$0000000A) refers to libinit5.o(.ARM.Collect$$libinit$$0000271B) for __lit__00000000
    libinit5.o(.ARM.Collect$$libinit$$0000002C) refers to libinit5.o(.ARM.Collect$$libinit$$0000273D) for __lit__00000002
    libinit5.o(.ARM.Collect$$libinit$$0000002C) refers to argv_veneer.o(.emb_text) for __ARM_argv_veneer
    rtexit2.o(.ARM.Collect$$rtexit$$00000003) refers to libshutdown.o(.ARM.Collect$$libshutdown$$00000000) for __rt_lib_shutdown
    rtexit2.o(.ARM.Collect$$rtexit$$00000004) refers to sys_exit.o(.text) for _sys_exit
    rtexit2.o(.ARM.exidx) refers to rtexit2.o(.ARM.Collect$$rtexit$$00000001) for .ARM.Collect$$rtexit$$00000001
    rtexit2.o(.ARM.exidx) refers to rtexit2.o(.ARM.Collect$$rtexit$$00000003) for .ARM.Collect$$rtexit$$00000003
    rtexit2.o(.ARM.exidx) refers to rtexit2.o(.ARM.Collect$$rtexit$$00000004) for .ARM.Collect$$rtexit$$00000004
    argv_veneer.o(.emb_text) refers to no_argv.o(.text) for __ARM_get_argv
    sys_exit.o(.text) refers (Special) to use_no_semi.o(.text) for __I$use$semihosting
    sys_exit.o(.text) refers (Special) to indicate_semi.o(.text) for __semihosting_library_function
    sys_exit_hlt.o(.text) refers (Special) to use_no_semi.o(.text) for __I$use$semihosting
    sys_exit_hlt.o(.text) refers (Special) to indicate_semi.o(.text) for __semihosting_library_function
    _get_argv_nomalloc.o(.text) refers (Special) to hrguard.o(.text) for __heap_region$guard
    _get_argv_nomalloc.o(.text) refers to defsig_rtmem_outer.o(.text) for __rt_SIGRTMEM
    _get_argv_nomalloc.o(.text) refers to sys_command.o(.text) for _sys_command_string
    libshutdown.o(.ARM.Collect$$libshutdown$$00000000) refers (Special) to libshutdown2.o(.ARM.Collect$$libshutdown$$00000002) for __rt_lib_shutdown_cpp_1
    libshutdown.o(.ARM.Collect$$libshutdown$$00000000) refers (Special) to libshutdown2.o(.ARM.Collect$$libshutdown$$00000007) for __rt_lib_shutdown_fp_trap_1
    libshutdown.o(.ARM.Collect$$libshutdown$$00000000) refers (Special) to libshutdown2.o(.ARM.Collect$$libshutdown$$0000000F) for __rt_lib_shutdown_heap_1
    libshutdown.o(.ARM.Collect$$libshutdown$$00000000) refers (Special) to libshutdown2.o(.ARM.Collect$$libshutdown$$00000010) for __rt_lib_shutdown_return
    libshutdown.o(.ARM.Collect$$libshutdown$$00000000) refers (Special) to libshutdown2.o(.ARM.Collect$$libshutdown$$0000000A) for __rt_lib_shutdown_signal_1
    libshutdown.o(.ARM.Collect$$libshutdown$$00000000) refers (Special) to libshutdown2.o(.ARM.Collect$$libshutdown$$00000004) for __rt_lib_shutdown_stdio_1
    libshutdown.o(.ARM.Collect$$libshutdown$$00000000) refers (Special) to libshutdown2.o(.ARM.Collect$$libshutdown$$0000000C) for __rt_lib_shutdown_user_alloc_1
    sys_command.o(.text) refers (Special) to use_no_semi.o(.text) for __I$use$semihosting
    sys_command.o(.text) refers (Special) to indicate_semi.o(.text) for __semihosting_library_function
    sys_command_hlt.o(.text) refers (Special) to use_no_semi.o(.text) for __I$use$semihosting
    sys_command_hlt.o(.text) refers (Special) to indicate_semi.o(.text) for __semihosting_library_function
    defsig_rtmem_outer.o(.text) refers to defsig_rtmem_inner.o(.text) for __rt_SIGRTMEM_inner
    defsig_rtmem_outer.o(.text) refers to defsig_exit.o(.text) for __sig_exit
    defsig_rtmem_formal.o(.text) refers to rt_raise.o(.text) for __rt_raise
    rt_raise.o(.text) refers to __raise.o(.text) for __raise
    rt_raise.o(.text) refers to sys_exit.o(.text) for _sys_exit
    defsig_exit.o(.text) refers to sys_exit.o(.text) for _sys_exit
    defsig_rtmem_inner.o(.text) refers to defsig_general.o(.text) for __default_signal_display
    __raise.o(.text) refers to defsig.o(CL$$defsig) for __default_signal_handler
    defsig_general.o(.text) refers to sys_wrch.o(.text) for _ttywrch
    sys_wrch.o(.text) refers (Special) to use_no_semi.o(.text) for __I$use$semihosting
    sys_wrch.o(.text) refers (Special) to indicate_semi.o(.text) for __semihosting_library_function
    sys_wrch_hlt.o(.text) refers (Special) to use_no_semi.o(.text) for __I$use$semihosting
    sys_wrch_hlt.o(.text) refers (Special) to indicate_semi.o(.text) for __semihosting_library_function
    defsig.o(CL$$defsig) refers to defsig_rtmem_inner.o(.text) for __rt_SIGRTMEM_inner
    defsig_abrt_inner.o(.text) refers to defsig_general.o(.text) for __default_signal_display
    defsig_fpe_inner.o(.text) refers to defsig_general.o(.text) for __default_signal_display
    defsig_rtred_inner.o(.text) refers to defsig_general.o(.text) for __default_signal_display
    defsig_stak_inner.o(.text) refers to defsig_general.o(.text) for __default_signal_display
    defsig_pvfn_inner.o(.text) refers to defsig_general.o(.text) for __default_signal_display
    defsig_cppl_inner.o(.text) refers to defsig_general.o(.text) for __default_signal_display
    defsig_segv_inner.o(.text) refers to defsig_general.o(.text) for __default_signal_display
    defsig_other.o(.text) refers to defsig_general.o(.text) for __default_signal_display


==============================================================================

Removing Unused input sections from the image.

    Removing main.o(.text), (0 bytes).
    Removing main.o(.ARM.exidx.text.main), (8 bytes).
    Removing main.o(.ARM.use_no_argv), (4 bytes).
    Removing gpio.o(.text), (0 bytes).
    Removing gpio.o(.ARM.exidx.gpio_driver_code), (48 bytes).
    Removing gpio_isr.o(.text), (0 bytes).
    Removing gpio_isr.o(.ARM.exidx.gpio_driver_code), (8 bytes).
    Removing systick.o(.text), (0 bytes).
    Removing systick.o(.text.Systick_Init), (72 bytes).
    Removing systick.o(.ARM.exidx.text.Systick_Init), (8 bytes).
    Removing systick_isr.o(.text), (0 bytes).
    Removing systick_isr.o(.ARM.exidx.text.SysTick_Handler), (8 bytes).
    Removing lpit.o(.text), (0 bytes).
    Removing lpit.o(.ARM.exidx.lpit_driver_code), (24 bytes).
    Removing lpit_isr.o(.text), (0 bytes).
    Removing lpit_isr.o(.ARM.exidx.lpit_driver_code), (8 bytes).
    Removing uart.o(.text), (0 bytes).
    Removing uart.o(.ARM.exidx.uart_driver_code), (40 bytes).
    Removing uart_isr.o(.text), (0 bytes).
    Removing uart_isr.o(.ARM.exidx.uart_driver_code), (40 bytes).
    Removing spi.o(.text), (0 bytes).
    Removing spi.o(.ARM.exidx.spi_driver_code), (56 bytes).
    Removing startup.o(.text), (0 bytes).
    Removing startup.o(.ARM.exidx.text.init_data_bss), (8 bytes).
    Removing system_s32k144.o(.text), (0 bytes).
    Removing system_s32k144.o(.ARM.exidx.text.SystemInit), (8 bytes).
    Removing system_s32k144.o(.text.SystemCoreClockUpdate), (254 bytes).
    Removing system_s32k144.o(.ARM.exidx.text.SystemCoreClockUpdate), (8 bytes).
    Removing system_s32k144.o(.text.SystemSoftwareReset), (48 bytes).
    Removing system_s32k144.o(.ARM.exidx.text.SystemSoftwareReset), (8 bytes).
    Removing system_s32k144.o(.data.SystemCoreClock), (4 bytes).
    Removing system_s32k144.o(.rodata.SystemCoreClockUpdate.fircFreq), (4 bytes).

32 unused section(s) (total 666 bytes) removed from the image.

==============================================================================

Image Symbol Table

    Local Symbols

    Symbol Name                              Value     Ov Type        Size  Object(Section)

    ../clib/angel/boardlib.s                 0x00000000   Number         0  boardinit1.o ABSOLUTE
    ../clib/angel/boardlib.s                 0x00000000   Number         0  boardinit2.o ABSOLUTE
    ../clib/angel/boardlib.s                 0x00000000   Number         0  boardinit3.o ABSOLUTE
    ../clib/angel/boardlib.s                 0x00000000   Number         0  boardshut.o ABSOLUTE
    ../clib/angel/handlers.s                 0x00000000   Number         0  __scatter_copy.o ABSOLUTE
    ../clib/angel/handlers.s                 0x00000000   Number         0  __scatter_zi.o ABSOLUTE
    ../clib/angel/kernel.s                   0x00000000   Number         0  __rtentry.o ABSOLUTE
    ../clib/angel/kernel.s                   0x00000000   Number         0  __rtentry2.o ABSOLUTE
    ../clib/angel/kernel.s                   0x00000000   Number         0  __rtentry4.o ABSOLUTE
    ../clib/angel/kernel.s                   0x00000000   Number         0  __rtentry7.o ABSOLUTE
    ../clib/angel/kernel.s                   0x00000000   Number         0  rtexit.o ABSOLUTE
    ../clib/angel/kernel.s                   0x00000000   Number         0  rtexit2.o ABSOLUTE
    ../clib/angel/rt.s                       0x00000000   Number         0  rt_raise.o ABSOLUTE
    ../clib/angel/scatter.s                  0x00000000   Number         0  __scatter.o ABSOLUTE
    ../clib/angel/startup.s                  0x00000000   Number         0  __main.o ABSOLUTE
    ../clib/angel/sys.s                      0x00000000   Number         0  sys_stackheap_outer.o ABSOLUTE
    ../clib/angel/sys.s                      0x00000000   Number         0  libspace.o ABSOLUTE
    ../clib/angel/sys.s                      0x00000000   Number         0  sys_stackheap.o ABSOLUTE
    ../clib/angel/sys.s                      0x00000000   Number         0  sys_stackheap_hlt.o ABSOLUTE
    ../clib/angel/sys.s                      0x00000000   Number         0  use_no_semi.o ABSOLUTE
    ../clib/angel/sys.s                      0x00000000   Number         0  indicate_semi.o ABSOLUTE
    ../clib/angel/sysapp.c                   0x00000000   Number         0  sys_exit.o ABSOLUTE
    ../clib/angel/sysapp.c                   0x00000000   Number         0  sys_exit_hlt.o ABSOLUTE
    ../clib/angel/sysapp.c                   0x00000000   Number         0  sys_command.o ABSOLUTE
    ../clib/angel/sysapp.c                   0x00000000   Number         0  sys_command_hlt.o ABSOLUTE
    ../clib/angel/sysapp.c                   0x00000000   Number         0  sys_wrch.o ABSOLUTE
    ../clib/angel/sysapp.c                   0x00000000   Number         0  sys_wrch_hlt.o ABSOLUTE
    ../clib/armsys.c                         0x00000000   Number         0  argv_veneer.o ABSOLUTE
    ../clib/armsys.c                         0x00000000   Number         0  argv_veneer.o ABSOLUTE
    ../clib/armsys.c                         0x00000000   Number         0  _get_argv_nomalloc.o ABSOLUTE
    ../clib/armsys.c                         0x00000000   Number         0  no_argv.o ABSOLUTE
    ../clib/heapalloc.c                      0x00000000   Number         0  hrguard.o ABSOLUTE
    ../clib/libinit.s                        0x00000000   Number         0  libinit.o ABSOLUTE
    ../clib/libinit.s                        0x00000000   Number         0  libinit2.o ABSOLUTE
    ../clib/libinit.s                        0x00000000   Number         0  libinit5.o ABSOLUTE
    ../clib/libinit.s                        0x00000000   Number         0  libshutdown.o ABSOLUTE
    ../clib/libinit.s                        0x00000000   Number         0  libshutdown2.o ABSOLUTE
    ../clib/signal.c                         0x00000000   Number         0  defsig_rtmem_outer.o ABSOLUTE
    ../clib/signal.c                         0x00000000   Number         0  defsig_rtmem_formal.o ABSOLUTE
    ../clib/signal.c                         0x00000000   Number         0  defsig_exit.o ABSOLUTE
    ../clib/signal.c                         0x00000000   Number         0  defsig_rtmem_inner.o ABSOLUTE
    ../clib/signal.c                         0x00000000   Number         0  __raise.o ABSOLUTE
    ../clib/signal.c                         0x00000000   Number         0  defsig_general.o ABSOLUTE
    ../clib/signal.c                         0x00000000   Number         0  defsig_abrt_inner.o ABSOLUTE
    ../clib/signal.c                         0x00000000   Number         0  defsig_fpe_inner.o ABSOLUTE
    ../clib/signal.c                         0x00000000   Number         0  defsig_rtred_inner.o ABSOLUTE
    ../clib/signal.c                         0x00000000   Number         0  defsig_stak_inner.o ABSOLUTE
    ../clib/signal.c                         0x00000000   Number         0  defsig_pvfn_inner.o ABSOLUTE
    ../clib/signal.c                         0x00000000   Number         0  defsig_cppl_inner.o ABSOLUTE
    ../clib/signal.c                         0x00000000   Number         0  defsig_segv_inner.o ABSOLUTE
    ../clib/signal.c                         0x00000000   Number         0  defsig_other.o ABSOLUTE
    ../clib/signal.s                         0x00000000   Number         0  defsig.o ABSOLUTE
    ../clib/stdlib.c                         0x00000000   Number         0  exit.o ABSOLUTE
    ../fplib/fpinit.s                        0x00000000   Number         0  fpinit.o ABSOLUTE
    GPIO.c                                   0x00000000   Number         0  gpio.o ABSOLUTE
    GPIO_ISR.c                               0x00000000   Number         0  gpio_isr.o ABSOLUTE
    LPIT.c                                   0x00000000   Number         0  lpit.o ABSOLUTE
    LPIT_ISR.c                               0x00000000   Number         0  lpit_isr.o ABSOLUTE
    RTE\Device\S32K144HAxxxLLx\startup_S32K144.S 0x00000000   Number         0  startup_s32k144.o ABSOLUTE
    SPI.c                                    0x00000000   Number         0  spi.o ABSOLUTE
    SYSTICK.c                                0x00000000   Number         0  systick.o ABSOLUTE
    SYSTICK_ISR.c                            0x00000000   Number         0  systick_isr.o ABSOLUTE
    UART.c                                   0x00000000   Number         0  uart.o ABSOLUTE
    UART_ISR.c                               0x00000000   Number         0  uart_isr.o ABSOLUTE
    dc.s                                     0x00000000   Number         0  dc.o ABSOLUTE
    main.c                                   0x00000000   Number         0  main.o ABSOLUTE
    startup.c                                0x00000000   Number         0  startup.o ABSOLUTE
    system_S32K144.c                         0x00000000   Number         0  system_s32k144.o ABSOLUTE
    RESET                                    0x00000000   Section      560  startup_s32k144.o(RESET)
    FlashConfig                              0x00000400   Section       16  startup_s32k144.o(FlashConfig)
    [Anonymous Symbol]                       0x00000410   Section        0  gpio.o(.gpio_driver_code)
    [Anonymous Symbol]                       0x000005b4   Section        0  gpio_isr.o(.gpio_driver_code)
    [Anonymous Symbol]                       0x000006cc   Section        0  lpit.o(.lpit_driver_code)
    [Anonymous Symbol]                       0x000008a8   Section        0  lpit_isr.o(.lpit_driver_code)
    [Anonymous Symbol]                       0x000008fc   Section        0  spi.o(.spi_driver_code)
    [Anonymous Symbol]                       0x00000c38   Section        0  uart.o(.uart_driver_code)
    [Anonymous Symbol]                       0x00000eac   Section        0  uart_isr.o(.uart_driver_code)
    s_vectors                                0x0000126c   Data           4  startup.o(.rodata.s_vectors)
    [Anonymous Symbol]                       0x0000126c   Section        0  startup.o(.rodata.s_vectors)
    !!!main                                  0x00001270   Section        8  __main.o(!!!main)
    !!!scatter                               0x00001278   Section       52  __scatter.o(!!!scatter)
    !!handler_copy                           0x000012ac   Section       26  __scatter_copy.o(!!handler_copy)
    !!handler_zi                             0x000012c8   Section       28  __scatter_zi.o(!!handler_zi)
    .ARM.Collect$$libinit$$00000000          0x000012e4   Section        2  libinit.o(.ARM.Collect$$libinit$$00000000)
    .ARM.Collect$$libinit$$00000001          0x000012e6   Section        4  libinit2.o(.ARM.Collect$$libinit$$00000001)
    .ARM.Collect$$libinit$$00000004          0x000012ea   Section        0  libinit2.o(.ARM.Collect$$libinit$$00000004)
    .ARM.Collect$$libinit$$00000006          0x000012ea   Section        0  libinit2.o(.ARM.Collect$$libinit$$00000006)
    .ARM.Collect$$libinit$$0000000C          0x000012ea   Section        0  libinit2.o(.ARM.Collect$$libinit$$0000000C)
    .ARM.Collect$$libinit$$0000000E          0x000012ea   Section        0  libinit2.o(.ARM.Collect$$libinit$$0000000E)
    .ARM.Collect$$libinit$$00000010          0x000012ea   Section        0  libinit2.o(.ARM.Collect$$libinit$$00000010)
    .ARM.Collect$$libinit$$00000013          0x000012ea   Section        0  libinit2.o(.ARM.Collect$$libinit$$00000013)
    .ARM.Collect$$libinit$$00000015          0x000012ea   Section        0  libinit2.o(.ARM.Collect$$libinit$$00000015)
    .ARM.Collect$$libinit$$00000017          0x000012ea   Section        0  libinit2.o(.ARM.Collect$$libinit$$00000017)
    .ARM.Collect$$libinit$$00000019          0x000012ea   Section        0  libinit2.o(.ARM.Collect$$libinit$$00000019)
    .ARM.Collect$$libinit$$0000001B          0x000012ea   Section        0  libinit2.o(.ARM.Collect$$libinit$$0000001B)
    .ARM.Collect$$libinit$$0000001D          0x000012ea   Section        0  libinit2.o(.ARM.Collect$$libinit$$0000001D)
    .ARM.Collect$$libinit$$0000001F          0x000012ea   Section        0  libinit2.o(.ARM.Collect$$libinit$$0000001F)
    .ARM.Collect$$libinit$$00000021          0x000012ea   Section        0  libinit2.o(.ARM.Collect$$libinit$$00000021)
    .ARM.Collect$$libinit$$00000023          0x000012ea   Section        0  libinit2.o(.ARM.Collect$$libinit$$00000023)
    .ARM.Collect$$libinit$$00000025          0x000012ea   Section        0  libinit2.o(.ARM.Collect$$libinit$$00000025)
    .ARM.Collect$$libinit$$00000027          0x000012ea   Section        0  libinit2.o(.ARM.Collect$$libinit$$00000027)
    .ARM.Collect$$libinit$$0000002E          0x000012ea   Section        0  libinit2.o(.ARM.Collect$$libinit$$0000002E)
    .ARM.Collect$$libinit$$00000030          0x000012ea   Section        0  libinit2.o(.ARM.Collect$$libinit$$00000030)
    .ARM.Collect$$libinit$$00000032          0x000012ea   Section        0  libinit2.o(.ARM.Collect$$libinit$$00000032)
    .ARM.Collect$$libinit$$00000034          0x000012ea   Section        0  libinit2.o(.ARM.Collect$$libinit$$00000034)
    .ARM.Collect$$libinit$$00000035          0x000012ea   Section        2  libinit2.o(.ARM.Collect$$libinit$$00000035)
    .ARM.Collect$$libshutdown$$00000000      0x000012ec   Section        2  libshutdown.o(.ARM.Collect$$libshutdown$$00000000)
    .ARM.Collect$$libshutdown$$00000002      0x000012ee   Section        0  libshutdown2.o(.ARM.Collect$$libshutdown$$00000002)
    .ARM.Collect$$libshutdown$$00000004      0x000012ee   Section        0  libshutdown2.o(.ARM.Collect$$libshutdown$$00000004)
    .ARM.Collect$$libshutdown$$00000007      0x000012ee   Section        0  libshutdown2.o(.ARM.Collect$$libshutdown$$00000007)
    .ARM.Collect$$libshutdown$$0000000A      0x000012ee   Section        0  libshutdown2.o(.ARM.Collect$$libshutdown$$0000000A)
    .ARM.Collect$$libshutdown$$0000000C      0x000012ee   Section        0  libshutdown2.o(.ARM.Collect$$libshutdown$$0000000C)
    .ARM.Collect$$libshutdown$$0000000F      0x000012ee   Section        0  libshutdown2.o(.ARM.Collect$$libshutdown$$0000000F)
    .ARM.Collect$$libshutdown$$00000010      0x000012ee   Section        2  libshutdown2.o(.ARM.Collect$$libshutdown$$00000010)
    .ARM.Collect$$rtentry$$00000000          0x000012f0   Section        0  __rtentry.o(.ARM.Collect$$rtentry$$00000000)
    .ARM.Collect$$rtentry$$00000002          0x000012f0   Section        0  __rtentry2.o(.ARM.Collect$$rtentry$$00000002)
    .ARM.Collect$$rtentry$$00000007          0x000012f0   Section        4  __rtentry7.o(.ARM.Collect$$rtentry$$00000007)
    .ARM.Collect$$rtentry$$00000009          0x000012f4   Section        0  __rtentry2.o(.ARM.Collect$$rtentry$$00000009)
    .ARM.Collect$$rtentry$$0000000A          0x000012f4   Section        4  __rtentry2.o(.ARM.Collect$$rtentry$$0000000A)
    .ARM.Collect$$rtentry$$0000000C          0x000012f8   Section        0  __rtentry2.o(.ARM.Collect$$rtentry$$0000000C)
    .ARM.Collect$$rtentry$$0000000D          0x000012f8   Section        8  __rtentry2.o(.ARM.Collect$$rtentry$$0000000D)
    __lit__00000000                          0x00001300   Data           4  __rtentry7.o(.ARM.Collect$$rtentry$$00002718)
    .ARM.Collect$$rtentry$$00002718          0x00001300   Section        4  __rtentry7.o(.ARM.Collect$$rtentry$$00002718)
    .ARM.Collect$$rtexit$$00000000           0x00001304   Section        2  rtexit.o(.ARM.Collect$$rtexit$$00000000)
    .ARM.Collect$$rtexit$$00000002           0x00001306   Section        0  rtexit2.o(.ARM.Collect$$rtexit$$00000002)
    .ARM.Collect$$rtexit$$00000003           0x00001306   Section        4  rtexit2.o(.ARM.Collect$$rtexit$$00000003)
    .ARM.Collect$$rtexit$$00000004           0x0000130a   Section        6  rtexit2.o(.ARM.Collect$$rtexit$$00000004)
    .text                                    0x00001310   Section      156  startup_s32k144.o(.text)
    $v0                                      0x00001364   Number         0  startup_s32k144.o(.text)
    .text                                    0x000013ac   Section        0  exit.o(.text)
    .text                                    0x000013be   Section        2  use_no_semi.o(.text)
    .text                                    0x000013c0   Section        0  indicate_semi.o(.text)
    .text                                    0x000013c0   Section        0  sys_exit.o(.text)
    [Anonymous Symbol]                       0x000013cc   Section        0  systick_isr.o(.text.SysTick_Handler)
    [Anonymous Symbol]                       0x000013d0   Section        0  system_s32k144.o(.text.SystemInit)
    [Anonymous Symbol]                       0x00001424   Section        0  startup.o(.text.init_data_bss)
    [Anonymous Symbol]                       0x000014c4   Section        0  main.o(.text.main)
    $v0                                      0x00001612   Number         0  fpinit.o(x$fpl$fpinit)
    x$fpl$fpinit                             0x00001612   Section       26  fpinit.o(x$fpl$fpinit)
    trans                                    0x1fff8420   Data          20  uart_isr.o(.uart_driver_data)
    [Anonymous Symbol]                       0x1fff8420   Section        0  uart_isr.o(.uart_driver_data)
    trans_2                                  0x1fff8434   Data          20  uart_isr.o(.uart_driver_data)
    mode                                     0x20000000   Data           4  gpio_isr.o(.gpio_driver_bss)
    [Anonymous Symbol]                       0x20000000   Section        0  gpio_isr.o(.gpio_driver_bss)
    t_length                                 0x2000002c   Data           4  uart.o(.uart_driver_bss)
    [Anonymous Symbol]                       0x2000002c   Section        0  uart.o(.uart_driver_bss)
    TxBuffer                                 0x20000030   Data          30  uart.o(.uart_driver_bss)
    t_index                                  0x20000050   Data           4  uart.o(.uart_driver_bss)
    uart_data                                0x20000054   Data           1  uart_isr.o(.uart_driver_bss)
    [Anonymous Symbol]                       0x20000054   Section        0  uart_isr.o(.uart_driver_bss)
    uart_check                               0x20000058   Data           4  uart_isr.o(.uart_driver_bss)
    index                                    0x2000005c   Data           4  uart_isr.o(.uart_driver_bss)

    Global Symbols

    Symbol Name                              Value     Ov Type        Size  Object(Section)

    BuildAttributes$$THM_ISAv4$E$P$D$K$B$S$7EM$VFPi3$EXTD16$VFPS$VFMA$PE$A:L22UL41UL21$X:L11$S22US41US21$IEEE1$IW$~IW$USESV6$~STKCKD$USESV7$~SHL$OSPACE$ROPI$EBA8$UX$STANDARDLIB$REQ8$PRES8$EABIv2 0x00000000   Number         0  anon$$obj.o ABSOLUTE
    Image$$RW_m_code$$Length                 0x00000000   Number         0  anon$$obj.o ABSOLUTE
    Image$$VECTOR_RAM$$Length                0x00000000   Number         0  anon$$obj.o ABSOLUTE
    Image$$VECTOR_ROM$$Base                  0x00000000   Number         0  anon$$obj.o ABSOLUTE
    __Vectors                                0x00000000   Data           4  startup_s32k144.o(RESET)
    Image$$ZI$$Limit                          - Undefined Weak Reference
    __ARM_exceptions_init                     - Undefined Weak Reference
    __alloca_initialize                       - Undefined Weak Reference
    __arm_preinit_                            - Undefined Weak Reference
    __arm_relocate_pie_                       - Undefined Weak Reference
    __cpp_initialize__aeabi_                  - Undefined Weak Reference
    __cxa_finalize                            - Undefined Weak Reference
    __rt_locale                               - Undefined Weak Reference
    __sigvec_lookup                           - Undefined Weak Reference
    _atexit_init                              - Undefined Weak Reference
    _call_atexit_fns                          - Undefined Weak Reference
    _clock_init                               - Undefined Weak Reference
    _fp_trap_init                             - Undefined Weak Reference
    _fp_trap_shutdown                         - Undefined Weak Reference
    _get_lc_collate                           - Undefined Weak Reference
    _get_lc_ctype                             - Undefined Weak Reference
    _get_lc_monetary                          - Undefined Weak Reference
    _get_lc_numeric                           - Undefined Weak Reference
    _get_lc_time                              - Undefined Weak Reference
    _getenv_init                              - Undefined Weak Reference
    _handle_redirection                       - Undefined Weak Reference
    _init_alloc                               - Undefined Weak Reference
    _init_user_alloc                          - Undefined Weak Reference
    _initio                                   - Undefined Weak Reference
    _rand_init                                - Undefined Weak Reference
    _signal_finish                            - Undefined Weak Reference
    _signal_init                              - Undefined Weak Reference
    _terminate_alloc                          - Undefined Weak Reference
    _terminate_user_alloc                     - Undefined Weak Reference
    _terminateio                              - Undefined Weak Reference
    Image$$RW_m_data$$Length                 0x00000048   Number         0  anon$$obj.o ABSOLUTE
    Image$$VECTOR_ROM$$Length                0x00000230   Number         0  anon$$obj.o ABSOLUTE
    Image$$VECTOR_ROM$$Limit                 0x00000230   Number         0  anon$$obj.o ABSOLUTE
    GPIO_Init                                0x00000411   Thumb Code   220  gpio.o(.gpio_driver_code)
    Image$$ER_m_text_const$$Base             0x00000410   Number         0  anon$$obj.o ABSOLUTE
    LED_Init                                 0x000004ed   Thumb Code    34  gpio.o(.gpio_driver_code)
    BUTTON_Init                              0x00000511   Thumb Code    74  gpio.o(.gpio_driver_code)
    Turn_on_led                              0x0000055d   Thumb Code    30  gpio.o(.gpio_driver_code)
    Turn_off_led                             0x0000057d   Thumb Code    30  gpio.o(.gpio_driver_code)
    TOff_all_led                             0x0000059d   Thumb Code    24  gpio.o(.gpio_driver_code)
    PORTC_IRQHandler                         0x000005b5   Thumb Code   278  gpio_isr.o(.gpio_driver_code)
    LPIT_Init                                0x000006cd   Thumb Code   142  lpit.o(.lpit_driver_code)
    calculator                               0x0000075d   Thumb Code   140  lpit.o(.lpit_driver_code)
    Alarm                                    0x000007e9   Thumb Code   190  lpit.o(.lpit_driver_code)
    LPIT0_Ch0_IRQHandler                     0x000008a9   Thumb Code    84  lpit_isr.o(.lpit_driver_code)
    SPI_Init                                 0x000008fd   Thumb Code   246  spi.o(.spi_driver_code)
    Clock_init                               0x000009f5   Thumb Code    18  spi.o(.spi_driver_code)
    LPSPI1_send_char                         0x00000a09   Thumb Code    40  spi.o(.spi_driver_code)
    Display_watch                            0x00000a31   Thumb Code    68  spi.o(.spi_driver_code)
    Display_watch2                           0x00000a75   Thumb Code   206  spi.o(.spi_driver_code)
    Display_watch3                           0x00000b45   Thumb Code   206  spi.o(.spi_driver_code)
    Setting_SPI                              0x00000c15   Thumb Code    36  spi.o(.spi_driver_code)
    Lpuart_Init                              0x00000c39   Thumb Code   208  uart.o(.uart_driver_code)
    Uart_Init                                0x00000d09   Thumb Code   172  uart.o(.uart_driver_code)
    Uart_GetTransmitState                    0x00000db5   Thumb Code    40  uart.o(.uart_driver_code)
    Uart_Transmit                            0x00000ddd   Thumb Code    84  uart.o(.uart_driver_code)
    Uart_TxMainFunction                      0x00000e31   Thumb Code   122  uart.o(.uart_driver_code)
    LPUART1_RxTx_IRQHandler                  0x00000ead   Thumb Code    34  uart_isr.o(.uart_driver_code)
    uart_program                             0x00000ed1   Thumb Code   382  uart_isr.o(.uart_driver_code)
    uart_check_program                       0x00001051   Thumb Code   210  uart_isr.o(.uart_driver_code)
    uart_alarm_program                       0x00001125   Thumb Code   230  uart_isr.o(.uart_driver_code)
    uart_check_alarm                         0x0000120d   Thumb Code    96  uart_isr.o(.uart_driver_code)
    Image$$ER_m_text_const$$Limit            0x00001270   Number         0  anon$$obj.o ABSOLUTE
    __main                                   0x00001271   Thumb Code     8  __main.o(!!!main)
    __scatterload                            0x00001279   Thumb Code     0  __scatter.o(!!!scatter)
    __scatterload_rt2                        0x00001279   Thumb Code    44  __scatter.o(!!!scatter)
    __scatterload_rt2_thumb_only             0x00001279   Thumb Code     0  __scatter.o(!!!scatter)
    __scatterload_null                       0x00001287   Thumb Code     0  __scatter.o(!!!scatter)
    __scatterload_copy                       0x000012ad   Thumb Code    26  __scatter_copy.o(!!handler_copy)
    __scatterload_zeroinit                   0x000012c9   Thumb Code    28  __scatter_zi.o(!!handler_zi)
    __rt_lib_init                            0x000012e5   Thumb Code     0  libinit.o(.ARM.Collect$$libinit$$00000000)
    __rt_lib_init_fp_1                       0x000012e7   Thumb Code     0  libinit2.o(.ARM.Collect$$libinit$$00000001)
    __rt_lib_init_alloca_1                   0x000012eb   Thumb Code     0  libinit2.o(.ARM.Collect$$libinit$$00000030)
    __rt_lib_init_argv_1                     0x000012eb   Thumb Code     0  libinit2.o(.ARM.Collect$$libinit$$0000002E)
    __rt_lib_init_atexit_1                   0x000012eb   Thumb Code     0  libinit2.o(.ARM.Collect$$libinit$$0000001D)
    __rt_lib_init_clock_1                    0x000012eb   Thumb Code     0  libinit2.o(.ARM.Collect$$libinit$$00000023)
    __rt_lib_init_cpp_1                      0x000012eb   Thumb Code     0  libinit2.o(.ARM.Collect$$libinit$$00000034)
    __rt_lib_init_exceptions_1               0x000012eb   Thumb Code     0  libinit2.o(.ARM.Collect$$libinit$$00000032)
    __rt_lib_init_fp_trap_1                  0x000012eb   Thumb Code     0  libinit2.o(.ARM.Collect$$libinit$$00000021)
    __rt_lib_init_getenv_1                   0x000012eb   Thumb Code     0  libinit2.o(.ARM.Collect$$libinit$$00000025)
    __rt_lib_init_heap_1                     0x000012eb   Thumb Code     0  libinit2.o(.ARM.Collect$$libinit$$0000000C)
    __rt_lib_init_lc_collate_1               0x000012eb   Thumb Code     0  libinit2.o(.ARM.Collect$$libinit$$00000013)
    __rt_lib_init_lc_ctype_1                 0x000012eb   Thumb Code     0  libinit2.o(.ARM.Collect$$libinit$$00000015)
    __rt_lib_init_lc_monetary_1              0x000012eb   Thumb Code     0  libinit2.o(.ARM.Collect$$libinit$$00000017)
    __rt_lib_init_lc_numeric_1               0x000012eb   Thumb Code     0  libinit2.o(.ARM.Collect$$libinit$$00000019)
    __rt_lib_init_lc_time_1                  0x000012eb   Thumb Code     0  libinit2.o(.ARM.Collect$$libinit$$0000001B)
    __rt_lib_init_preinit_1                  0x000012eb   Thumb Code     0  libinit2.o(.ARM.Collect$$libinit$$00000006)
    __rt_lib_init_rand_1                     0x000012eb   Thumb Code     0  libinit2.o(.ARM.Collect$$libinit$$00000010)
    __rt_lib_init_relocate_pie_1             0x000012eb   Thumb Code     0  libinit2.o(.ARM.Collect$$libinit$$00000004)
    __rt_lib_init_return                     0x000012eb   Thumb Code     0  libinit2.o(.ARM.Collect$$libinit$$00000035)
    __rt_lib_init_signal_1                   0x000012eb   Thumb Code     0  libinit2.o(.ARM.Collect$$libinit$$0000001F)
    __rt_lib_init_stdio_1                    0x000012eb   Thumb Code     0  libinit2.o(.ARM.Collect$$libinit$$00000027)
    __rt_lib_init_user_alloc_1               0x000012eb   Thumb Code     0  libinit2.o(.ARM.Collect$$libinit$$0000000E)
    __rt_lib_shutdown                        0x000012ed   Thumb Code     0  libshutdown.o(.ARM.Collect$$libshutdown$$00000000)
    __rt_lib_shutdown_cpp_1                  0x000012ef   Thumb Code     0  libshutdown2.o(.ARM.Collect$$libshutdown$$00000002)
    __rt_lib_shutdown_fp_trap_1              0x000012ef   Thumb Code     0  libshutdown2.o(.ARM.Collect$$libshutdown$$00000007)
    __rt_lib_shutdown_heap_1                 0x000012ef   Thumb Code     0  libshutdown2.o(.ARM.Collect$$libshutdown$$0000000F)
    __rt_lib_shutdown_return                 0x000012ef   Thumb Code     0  libshutdown2.o(.ARM.Collect$$libshutdown$$00000010)
    __rt_lib_shutdown_signal_1               0x000012ef   Thumb Code     0  libshutdown2.o(.ARM.Collect$$libshutdown$$0000000A)
    __rt_lib_shutdown_stdio_1                0x000012ef   Thumb Code     0  libshutdown2.o(.ARM.Collect$$libshutdown$$00000004)
    __rt_lib_shutdown_user_alloc_1           0x000012ef   Thumb Code     0  libshutdown2.o(.ARM.Collect$$libshutdown$$0000000C)
    __rt_entry                               0x000012f1   Thumb Code     0  __rtentry.o(.ARM.Collect$$rtentry$$00000000)
    __rt_entry_presh_1                       0x000012f1   Thumb Code     0  __rtentry2.o(.ARM.Collect$$rtentry$$00000002)
    __rt_entry_sh                            0x000012f1   Thumb Code     0  __rtentry7.o(.ARM.Collect$$rtentry$$00000007)
    __rt_entry_li                            0x000012f5   Thumb Code     0  __rtentry2.o(.ARM.Collect$$rtentry$$0000000A)
    __rt_entry_postsh_1                      0x000012f5   Thumb Code     0  __rtentry2.o(.ARM.Collect$$rtentry$$00000009)
    __rt_entry_main                          0x000012f9   Thumb Code     0  __rtentry2.o(.ARM.Collect$$rtentry$$0000000D)
    __rt_entry_postli_1                      0x000012f9   Thumb Code     0  __rtentry2.o(.ARM.Collect$$rtentry$$0000000C)
    __rt_exit                                0x00001305   Thumb Code     0  rtexit.o(.ARM.Collect$$rtexit$$00000000)
    __rt_exit_ls                             0x00001307   Thumb Code     0  rtexit2.o(.ARM.Collect$$rtexit$$00000003)
    __rt_exit_prels_1                        0x00001307   Thumb Code     0  rtexit2.o(.ARM.Collect$$rtexit$$00000002)
    __rt_exit_exit                           0x0000130b   Thumb Code     0  rtexit2.o(.ARM.Collect$$rtexit$$00000004)
    __RAM_VECTOR_TABLE_SIZE                  0x00001310   Data           4  startup_s32k144.o(.text)
    __VECTOR_RAM                             0x00001314   Data           4  startup_s32k144.o(.text)
    __VECTOR_ROM                             0x00001318   Data           4  startup_s32k144.o(.text)
    __VECTOR_ROM_START                       0x0000131c   Data           4  startup_s32k144.o(.text)
    __VECTOR_ROM_END                         0x00001320   Data           4  startup_s32k144.o(.text)
    __CODE_ROM                               0x00001324   Data           4  startup_s32k144.o(.text)
    __CODE_END                               0x00001328   Data           4  startup_s32k144.o(.text)
    __CODE_RAM                               0x0000132c   Data           4  startup_s32k144.o(.text)
    __CODE_RAM_START                         0x00001330   Data           4  startup_s32k144.o(.text)
    __CODE_RAM_END                           0x00001334   Data           4  startup_s32k144.o(.text)
    __BSS_START                              0x00001338   Data           4  startup_s32k144.o(.text)
    __BSS_END                                0x0000133c   Data           4  startup_s32k144.o(.text)
    __DATA_RAM                               0x00001340   Data           4  startup_s32k144.o(.text)
    __DATA_RAM_START                         0x00001344   Data           4  startup_s32k144.o(.text)
    __DATA_RAM_END                           0x00001348   Data           4  startup_s32k144.o(.text)
    __DATA_ROM                               0x0000134c   Data           4  startup_s32k144.o(.text)
    __DATA_END                               0x00001350   Data           4  startup_s32k144.o(.text)
    __CUSTOM_SECTION_START                   0x00001354   Data           4  startup_s32k144.o(.text)
    __CUSTOM_SECTION_END                     0x00001358   Data           4  startup_s32k144.o(.text)
    __RAM_START                              0x0000135c   Data           4  startup_s32k144.o(.text)
    __RAM_END                                0x00001360   Data           4  startup_s32k144.o(.text)
    Reset_Handler                            0x00001365   Thumb Code    28  startup_s32k144.o(.text)
    NMI_Handler                              0x00001381   Thumb Code     2  startup_s32k144.o(.text)
    HardFault_Handler                        0x00001383   Thumb Code     2  startup_s32k144.o(.text)
    MemManage_Handler                        0x00001385   Thumb Code     2  startup_s32k144.o(.text)
    BusFault_Handler                         0x00001387   Thumb Code     2  startup_s32k144.o(.text)
    UsageFault_Handler                       0x00001389   Thumb Code     2  startup_s32k144.o(.text)
    SVC_Handler                              0x0000138b   Thumb Code     2  startup_s32k144.o(.text)
    DebugMon_Handler                         0x0000138d   Thumb Code     2  startup_s32k144.o(.text)
    PendSV_Handler                           0x0000138f   Thumb Code     2  startup_s32k144.o(.text)
    DefaultISR                               0x00001393   Thumb Code     2  startup_s32k144.o(.text)
    ADC0_IRQHandler                          0x00001395   Thumb Code     0  startup_s32k144.o(.text)
    ADC1_IRQHandler                          0x00001395   Thumb Code     0  startup_s32k144.o(.text)
    CAN0_Error_IRQHandler                    0x00001395   Thumb Code     0  startup_s32k144.o(.text)
    CAN0_ORed_0_15_MB_IRQHandler             0x00001395   Thumb Code     0  startup_s32k144.o(.text)
    CAN0_ORed_16_31_MB_IRQHandler            0x00001395   Thumb Code     0  startup_s32k144.o(.text)
    CAN0_ORed_IRQHandler                     0x00001395   Thumb Code     0  startup_s32k144.o(.text)
    CAN0_Wake_Up_IRQHandler                  0x00001395   Thumb Code     0  startup_s32k144.o(.text)
    CAN1_Error_IRQHandler                    0x00001395   Thumb Code     0  startup_s32k144.o(.text)
    CAN1_ORed_0_15_MB_IRQHandler             0x00001395   Thumb Code     0  startup_s32k144.o(.text)
    CAN1_ORed_IRQHandler                     0x00001395   Thumb Code     0  startup_s32k144.o(.text)
    CAN2_Error_IRQHandler                    0x00001395   Thumb Code     0  startup_s32k144.o(.text)
    CAN2_ORed_0_15_MB_IRQHandler             0x00001395   Thumb Code     0  startup_s32k144.o(.text)
    CAN2_ORed_IRQHandler                     0x00001395   Thumb Code     0  startup_s32k144.o(.text)
    CMP0_IRQHandler                          0x00001395   Thumb Code     0  startup_s32k144.o(.text)
    DMA0_IRQHandler                          0x00001395   Thumb Code     0  startup_s32k144.o(.text)
    DMA10_IRQHandler                         0x00001395   Thumb Code     0  startup_s32k144.o(.text)
    DMA11_IRQHandler                         0x00001395   Thumb Code     0  startup_s32k144.o(.text)
    DMA12_IRQHandler                         0x00001395   Thumb Code     0  startup_s32k144.o(.text)
    DMA13_IRQHandler                         0x00001395   Thumb Code     0  startup_s32k144.o(.text)
    DMA14_IRQHandler                         0x00001395   Thumb Code     0  startup_s32k144.o(.text)
    DMA15_IRQHandler                         0x00001395   Thumb Code     0  startup_s32k144.o(.text)
    DMA1_IRQHandler                          0x00001395   Thumb Code     0  startup_s32k144.o(.text)
    DMA2_IRQHandler                          0x00001395   Thumb Code     0  startup_s32k144.o(.text)
    DMA3_IRQHandler                          0x00001395   Thumb Code     0  startup_s32k144.o(.text)
    DMA4_IRQHandler                          0x00001395   Thumb Code     0  startup_s32k144.o(.text)
    DMA5_IRQHandler                          0x00001395   Thumb Code     0  startup_s32k144.o(.text)
    DMA6_IRQHandler                          0x00001395   Thumb Code     0  startup_s32k144.o(.text)
    DMA7_IRQHandler                          0x00001395   Thumb Code     0  startup_s32k144.o(.text)
    DMA8_IRQHandler                          0x00001395   Thumb Code     0  startup_s32k144.o(.text)
    DMA9_IRQHandler                          0x00001395   Thumb Code     0  startup_s32k144.o(.text)
    DMA_Error_IRQHandler                     0x00001395   Thumb Code     0  startup_s32k144.o(.text)
    ERM_double_fault_IRQHandler              0x00001395   Thumb Code     0  startup_s32k144.o(.text)
    ERM_single_fault_IRQHandler              0x00001395   Thumb Code     0  startup_s32k144.o(.text)
    FLEXIO_IRQHandler                        0x00001395   Thumb Code     0  startup_s32k144.o(.text)
    FTFC_Fault_IRQHandler                    0x00001395   Thumb Code     0  startup_s32k144.o(.text)
    FTFC_IRQHandler                          0x00001395   Thumb Code     0  startup_s32k144.o(.text)
    FTM0_Ch0_Ch1_IRQHandler                  0x00001395   Thumb Code     0  startup_s32k144.o(.text)
    FTM0_Ch2_Ch3_IRQHandler                  0x00001395   Thumb Code     0  startup_s32k144.o(.text)
    FTM0_Ch4_Ch5_IRQHandler                  0x00001395   Thumb Code     0  startup_s32k144.o(.text)
    FTM0_Ch6_Ch7_IRQHandler                  0x00001395   Thumb Code     0  startup_s32k144.o(.text)
    FTM0_Fault_IRQHandler                    0x00001395   Thumb Code     0  startup_s32k144.o(.text)
    FTM0_Ovf_Reload_IRQHandler               0x00001395   Thumb Code     0  startup_s32k144.o(.text)
    FTM1_Ch0_Ch1_IRQHandler                  0x00001395   Thumb Code     0  startup_s32k144.o(.text)
    FTM1_Ch2_Ch3_IRQHandler                  0x00001395   Thumb Code     0  startup_s32k144.o(.text)
    FTM1_Ch4_Ch5_IRQHandler                  0x00001395   Thumb Code     0  startup_s32k144.o(.text)
    FTM1_Ch6_Ch7_IRQHandler                  0x00001395   Thumb Code     0  startup_s32k144.o(.text)
    FTM1_Fault_IRQHandler                    0x00001395   Thumb Code     0  startup_s32k144.o(.text)
    FTM1_Ovf_Reload_IRQHandler               0x00001395   Thumb Code     0  startup_s32k144.o(.text)
    FTM2_Ch0_Ch1_IRQHandler                  0x00001395   Thumb Code     0  startup_s32k144.o(.text)
    FTM2_Ch2_Ch3_IRQHandler                  0x00001395   Thumb Code     0  startup_s32k144.o(.text)
    FTM2_Ch4_Ch5_IRQHandler                  0x00001395   Thumb Code     0  startup_s32k144.o(.text)
    FTM2_Ch6_Ch7_IRQHandler                  0x00001395   Thumb Code     0  startup_s32k144.o(.text)
    FTM2_Fault_IRQHandler                    0x00001395   Thumb Code     0  startup_s32k144.o(.text)
    FTM2_Ovf_Reload_IRQHandler               0x00001395   Thumb Code     0  startup_s32k144.o(.text)
    FTM3_Ch0_Ch1_IRQHandler                  0x00001395   Thumb Code     0  startup_s32k144.o(.text)
    FTM3_Ch2_Ch3_IRQHandler                  0x00001395   Thumb Code     0  startup_s32k144.o(.text)
    FTM3_Ch4_Ch5_IRQHandler                  0x00001395   Thumb Code     0  startup_s32k144.o(.text)
    FTM3_Ch6_Ch7_IRQHandler                  0x00001395   Thumb Code     0  startup_s32k144.o(.text)
    FTM3_Fault_IRQHandler                    0x00001395   Thumb Code     0  startup_s32k144.o(.text)
    FTM3_Ovf_Reload_IRQHandler               0x00001395   Thumb Code     0  startup_s32k144.o(.text)
    LPI2C0_Master_IRQHandler                 0x00001395   Thumb Code     0  startup_s32k144.o(.text)
    LPI2C0_Slave_IRQHandler                  0x00001395   Thumb Code     0  startup_s32k144.o(.text)
    LPIT0_Ch1_IRQHandler                     0x00001395   Thumb Code     0  startup_s32k144.o(.text)
    LPIT0_Ch2_IRQHandler                     0x00001395   Thumb Code     0  startup_s32k144.o(.text)
    LPIT0_Ch3_IRQHandler                     0x00001395   Thumb Code     0  startup_s32k144.o(.text)
    LPSPI0_IRQHandler                        0x00001395   Thumb Code     0  startup_s32k144.o(.text)
    LPSPI1_IRQHandler                        0x00001395   Thumb Code     0  startup_s32k144.o(.text)
    LPSPI2_IRQHandler                        0x00001395   Thumb Code     0  startup_s32k144.o(.text)
    LPTMR0_IRQHandler                        0x00001395   Thumb Code     0  startup_s32k144.o(.text)
    LPUART0_RxTx_IRQHandler                  0x00001395   Thumb Code     0  startup_s32k144.o(.text)
    LPUART2_RxTx_IRQHandler                  0x00001395   Thumb Code     0  startup_s32k144.o(.text)
    LVD_LVW_IRQHandler                       0x00001395   Thumb Code     0  startup_s32k144.o(.text)
    MCM_IRQHandler                           0x00001395   Thumb Code     0  startup_s32k144.o(.text)
    PDB0_IRQHandler                          0x00001395   Thumb Code     0  startup_s32k144.o(.text)
    PDB1_IRQHandler                          0x00001395   Thumb Code     0  startup_s32k144.o(.text)
    PORTA_IRQHandler                         0x00001395   Thumb Code     0  startup_s32k144.o(.text)
    PORTB_IRQHandler                         0x00001395   Thumb Code     0  startup_s32k144.o(.text)
    PORTD_IRQHandler                         0x00001395   Thumb Code     0  startup_s32k144.o(.text)
    PORTE_IRQHandler                         0x00001395   Thumb Code     0  startup_s32k144.o(.text)
    RCM_IRQHandler                           0x00001395   Thumb Code     0  startup_s32k144.o(.text)
    RTC_IRQHandler                           0x00001395   Thumb Code     0  startup_s32k144.o(.text)
    RTC_Seconds_IRQHandler                   0x00001395   Thumb Code     0  startup_s32k144.o(.text)
    Read_Collision_IRQHandler                0x00001395   Thumb Code     0  startup_s32k144.o(.text)
    Reserved100_IRQHandler                   0x00001395   Thumb Code     0  startup_s32k144.o(.text)
    Reserved103_IRQHandler                   0x00001395   Thumb Code     0  startup_s32k144.o(.text)
    Reserved105_IRQHandler                   0x00001395   Thumb Code     0  startup_s32k144.o(.text)
    Reserved106_IRQHandler                   0x00001395   Thumb Code     0  startup_s32k144.o(.text)
    Reserved107_IRQHandler                   0x00001395   Thumb Code     0  startup_s32k144.o(.text)
    Reserved110_IRQHandler                   0x00001395   Thumb Code     0  startup_s32k144.o(.text)
    Reserved112_IRQHandler                   0x00001395   Thumb Code     0  startup_s32k144.o(.text)
    Reserved113_IRQHandler                   0x00001395   Thumb Code     0  startup_s32k144.o(.text)
    Reserved114_IRQHandler                   0x00001395   Thumb Code     0  startup_s32k144.o(.text)
    Reserved45_IRQHandler                    0x00001395   Thumb Code     0  startup_s32k144.o(.text)
    Reserved46_IRQHandler                    0x00001395   Thumb Code     0  startup_s32k144.o(.text)
    Reserved48_IRQHandler                    0x00001395   Thumb Code     0  startup_s32k144.o(.text)
    Reserved50_IRQHandler                    0x00001395   Thumb Code     0  startup_s32k144.o(.text)
    Reserved52_IRQHandler                    0x00001395   Thumb Code     0  startup_s32k144.o(.text)
    Reserved53_IRQHandler                    0x00001395   Thumb Code     0  startup_s32k144.o(.text)
    Reserved54_IRQHandler                    0x00001395   Thumb Code     0  startup_s32k144.o(.text)
    Reserved58_IRQHandler                    0x00001395   Thumb Code     0  startup_s32k144.o(.text)
    Reserved59_IRQHandler                    0x00001395   Thumb Code     0  startup_s32k144.o(.text)
    Reserved69_IRQHandler                    0x00001395   Thumb Code     0  startup_s32k144.o(.text)
    Reserved70_IRQHandler                    0x00001395   Thumb Code     0  startup_s32k144.o(.text)
    Reserved71_IRQHandler                    0x00001395   Thumb Code     0  startup_s32k144.o(.text)
    Reserved72_IRQHandler                    0x00001395   Thumb Code     0  startup_s32k144.o(.text)
    Reserved81_IRQHandler                    0x00001395   Thumb Code     0  startup_s32k144.o(.text)
    Reserved82_IRQHandler                    0x00001395   Thumb Code     0  startup_s32k144.o(.text)
    Reserved83_IRQHandler                    0x00001395   Thumb Code     0  startup_s32k144.o(.text)
    Reserved86_IRQHandler                    0x00001395   Thumb Code     0  startup_s32k144.o(.text)
    Reserved87_IRQHandler                    0x00001395   Thumb Code     0  startup_s32k144.o(.text)
    Reserved88_IRQHandler                    0x00001395   Thumb Code     0  startup_s32k144.o(.text)
    Reserved89_IRQHandler                    0x00001395   Thumb Code     0  startup_s32k144.o(.text)
    Reserved90_IRQHandler                    0x00001395   Thumb Code     0  startup_s32k144.o(.text)
    Reserved91_IRQHandler                    0x00001395   Thumb Code     0  startup_s32k144.o(.text)
    Reserved92_IRQHandler                    0x00001395   Thumb Code     0  startup_s32k144.o(.text)
    Reserved93_IRQHandler                    0x00001395   Thumb Code     0  startup_s32k144.o(.text)
    Reserved99_IRQHandler                    0x00001395   Thumb Code     0  startup_s32k144.o(.text)
    SCG_IRQHandler                           0x00001395   Thumb Code     0  startup_s32k144.o(.text)
    SWI_IRQHandler                           0x00001395   Thumb Code     0  startup_s32k144.o(.text)
    WDOG_EWM_IRQHandler                      0x00001395   Thumb Code     0  startup_s32k144.o(.text)
    exit                                     0x000013ad   Thumb Code    18  exit.o(.text)
    __I$use$semihosting                      0x000013bf   Thumb Code     0  use_no_semi.o(.text)
    __use_no_semihosting_swi                 0x000013bf   Thumb Code     2  use_no_semi.o(.text)
    __semihosting_library_function           0x000013c1   Thumb Code     0  indicate_semi.o(.text)
    _sys_exit                                0x000013c1   Thumb Code     8  sys_exit.o(.text)
    SysTick_Handler                          0x000013cd   Thumb Code     2  systick_isr.o(.text.SysTick_Handler)
    SystemInit                               0x000013d1   Thumb Code    82  system_s32k144.o(.text.SystemInit)
    init_data_bss                            0x00001425   Thumb Code   160  startup.o(.text.init_data_bss)
    main                                     0x000014c5   Thumb Code   334  main.o(.text.main)
    _fp_init                                 0x00001613   Thumb Code    26  fpinit.o(x$fpl$fpinit)
    __fplib_config_fpu_vfp                   0x0000162b   Thumb Code     0  fpinit.o(x$fpl$fpinit)
    __fplib_config_pureend_doubles           0x0000162b   Thumb Code     0  fpinit.o(x$fpl$fpinit)
    Region$$Table$$Base                      0x0000162c   Number         0  anon$$obj.o(Region$$Table)
    Image$$ER_m_text$$Limit                  0x0000164c   Number         0  anon$$obj.o ABSOLUTE
    Region$$Table$$Limit                     0x0000164c   Number         0  anon$$obj.o(Region$$Table)
    Image$$VECTOR_RAM$$Base                  0x1fff8000   Number         0  anon$$obj.o ABSOLUTE
    Check_Alarm                              0x1fff8400   Data           4  lpit.o(.lpit_driver_data)
    Image$$RW_m_data$$Base                   0x1fff8400   Number         0  anon$$obj.o ABSOLUTE
    string                                   0x1fff8404   Data          20  main.o(.uart_driver_data)
    hh                                       0x1fff8418   Data           4  main.o(.uart_driver_data)
    adjust_mode                              0x1fff841c   Data           4  main.o(.uart_driver_data)
    Image$$RW_m_code$$Base                   0x1fff8448   Number         0  anon$$obj.o ABSOLUTE
    Image$$RW_m_code$$Limit                  0x1fff8448   Number         0  anon$$obj.o ABSOLUTE
    Image$$RW_m_data$$Limit                  0x1fff8448   Number         0  anon$$obj.o ABSOLUTE
    Image$$RW_m_custom_section$$Base         0x20000000   Number         0  anon$$obj.o ABSOLUTE
    Image$$RW_m_custom_section$$Limit        0x20000000   Number         0  anon$$obj.o ABSOLUTE
    Image$$RW_m_data_2$$ZI$$Base             0x20000000   Number         0  anon$$obj.o ABSOLUTE
    Check_timer                              0x20000004   Data           4  main.o(.lpit_driver_bss)
    TimeOutAlarm                             0x20000008   Data           4  lpit.o(.lpit_driver_bss)
    t_state                                  0x2000000c   Data           1  main.o(.uart_driver_bss)
    wait_alam                                0x20000010   Data           4  main.o(.uart_driver_bss)
    Check_mode                               0x20000014   Data           4  main.o(.uart_driver_bss)
    mm                                       0x20000018   Data           4  main.o(.uart_driver_bss)
    ss                                       0x2000001c   Data           4  main.o(.uart_driver_bss)
    alarm_hh                                 0x20000020   Data           4  main.o(.uart_driver_bss)
    alarm_mm                                 0x20000024   Data           4  main.o(.uart_driver_bss)
    alarm_ss                                 0x20000028   Data           4  main.o(.uart_driver_bss)
    Image$$ARM_LIB_HEAP$$ZI$$Base            0x20000060   Number         0  anon$$obj.o ABSOLUTE
    Image$$RW_m_data_2$$ZI$$Limit            0x20000060   Number         0  anon$$obj.o ABSOLUTE
    Image$$ARM_LIB_HEAP$$ZI$$Limit           0x20000460   Number         0  anon$$obj.o ABSOLUTE
    Image$$ARM_LIB_STACK$$Limit              0x20006c00   Number         0  anon$$obj.o ABSOLUTE
    Image$$ARM_LIB_STACK$$ZI$$Limit          0x20007000   Number         0  anon$$obj.o ABSOLUTE



==============================================================================

Memory Map of the image

  Image Entry point : 0x00001271

  Load Region LR_m_text (Base: 0x00000000, Size: 0x00001694, Max: 0x00080000, ABSOLUTE)

    Execution Region VECTOR_ROM (Exec base: 0x00000000, Load base: 0x00000000, Size: 0x00000230, Max: 0x00000400, ABSOLUTE)

    Exec Addr    Load Addr    Size         Type   Attr      Idx    E Section Name        Object

    0x00000000   0x00000000   0x00000230   Data   RO          104    RESET               startup_s32k144.o


    Execution Region ER_m_flash_config (Exec base: 0x00000400, Load base: 0x00000400, Size: 0x00000010, Max: 0x00000010, ABSOLUTE, FIXED)

    Exec Addr    Load Addr    Size         Type   Attr      Idx    E Section Name        Object

    0x00000400   0x00000400   0x00000010   Data   RO          105    FlashConfig         startup_s32k144.o


    Execution Region ER_m_text_const (Exec base: 0x00000410, Load base: 0x00000410, Size: 0x00000e60, Max: 0xffffffff, ABSOLUTE)

    Exec Addr    Load Addr    Size         Type   Attr      Idx    E Section Name        Object

    0x00000410   0x00000410   0x000001a4   Code   RO           17    .gpio_driver_code   gpio.o
    0x000005b4   0x000005b4   0x00000116   Code   RO           25    .gpio_driver_code   gpio_isr.o
    0x000006ca   0x000006ca   0x00000002   PAD
    0x000006cc   0x000006cc   0x000001da   Code   RO           50    .lpit_driver_code   lpit.o
    0x000008a6   0x000008a6   0x00000002   PAD
    0x000008a8   0x000008a8   0x00000054   Code   RO           60    .lpit_driver_code   lpit_isr.o
    0x000008fc   0x000008fc   0x0000033c   Code   RO           87    .spi_driver_code    spi.o
    0x00000c38   0x00000c38   0x00000272   Code   RO           68    .uart_driver_code   uart.o
    0x00000eaa   0x00000eaa   0x00000002   PAD
    0x00000eac   0x00000eac   0x000003c0   Code   RO           77    .uart_driver_code   uart_isr.o
    0x0000126c   0x0000126c   0x00000004   Data   RO           97    .rodata.s_vectors   startup.o


    Execution Region ER_m_text (Exec base: 0x00001270, Load base: 0x00001270, Size: 0x000003dc, Max: 0x0007fbf0, ABSOLUTE)

    Exec Addr    Load Addr    Size         Type   Attr      Idx    E Section Name        Object

    0x00001270   0x00001270   0x00000008   Code   RO          128  * !!!main             c_w.l(__main.o)
    0x00001278   0x00001278   0x00000034   Code   RO          306    !!!scatter          c_w.l(__scatter.o)
    0x000012ac   0x000012ac   0x0000001a   Code   RO          308    !!handler_copy      c_w.l(__scatter_copy.o)
    0x000012c6   0x000012c6   0x00000002   PAD
    0x000012c8   0x000012c8   0x0000001c   Code   RO          310    !!handler_zi        c_w.l(__scatter_zi.o)
    0x000012e4   0x000012e4   0x00000002   Code   RO          160    .ARM.Collect$$libinit$$00000000  c_w.l(libinit.o)
    0x000012e6   0x000012e6   0x00000004   Code   RO          170    .ARM.Collect$$libinit$$00000001  c_w.l(libinit2.o)
    0x000012ea   0x000012ea   0x00000000   Code   RO          173    .ARM.Collect$$libinit$$00000004  c_w.l(libinit2.o)
    0x000012ea   0x000012ea   0x00000000   Code   RO          175    .ARM.Collect$$libinit$$00000006  c_w.l(libinit2.o)
    0x000012ea   0x000012ea   0x00000000   Code   RO          178    .ARM.Collect$$libinit$$0000000C  c_w.l(libinit2.o)
    0x000012ea   0x000012ea   0x00000000   Code   RO          180    .ARM.Collect$$libinit$$0000000E  c_w.l(libinit2.o)
    0x000012ea   0x000012ea   0x00000000   Code   RO          182    .ARM.Collect$$libinit$$00000010  c_w.l(libinit2.o)
    0x000012ea   0x000012ea   0x00000000   Code   RO          185    .ARM.Collect$$libinit$$00000013  c_w.l(libinit2.o)
    0x000012ea   0x000012ea   0x00000000   Code   RO          187    .ARM.Collect$$libinit$$00000015  c_w.l(libinit2.o)
    0x000012ea   0x000012ea   0x00000000   Code   RO          189    .ARM.Collect$$libinit$$00000017  c_w.l(libinit2.o)
    0x000012ea   0x000012ea   0x00000000   Code   RO          191    .ARM.Collect$$libinit$$00000019  c_w.l(libinit2.o)
    0x000012ea   0x000012ea   0x00000000   Code   RO          193    .ARM.Collect$$libinit$$0000001B  c_w.l(libinit2.o)
    0x000012ea   0x000012ea   0x00000000   Code   RO          195    .ARM.Collect$$libinit$$0000001D  c_w.l(libinit2.o)
    0x000012ea   0x000012ea   0x00000000   Code   RO          197    .ARM.Collect$$libinit$$0000001F  c_w.l(libinit2.o)
    0x000012ea   0x000012ea   0x00000000   Code   RO          199    .ARM.Collect$$libinit$$00000021  c_w.l(libinit2.o)
    0x000012ea   0x000012ea   0x00000000   Code   RO          201    .ARM.Collect$$libinit$$00000023  c_w.l(libinit2.o)
    0x000012ea   0x000012ea   0x00000000   Code   RO          203    .ARM.Collect$$libinit$$00000025  c_w.l(libinit2.o)
    0x000012ea   0x000012ea   0x00000000   Code   RO          205    .ARM.Collect$$libinit$$00000027  c_w.l(libinit2.o)
    0x000012ea   0x000012ea   0x00000000   Code   RO          209    .ARM.Collect$$libinit$$0000002E  c_w.l(libinit2.o)
    0x000012ea   0x000012ea   0x00000000   Code   RO          211    .ARM.Collect$$libinit$$00000030  c_w.l(libinit2.o)
    0x000012ea   0x000012ea   0x00000000   Code   RO          213    .ARM.Collect$$libinit$$00000032  c_w.l(libinit2.o)
    0x000012ea   0x000012ea   0x00000000   Code   RO          215    .ARM.Collect$$libinit$$00000034  c_w.l(libinit2.o)
    0x000012ea   0x000012ea   0x00000002   Code   RO          216    .ARM.Collect$$libinit$$00000035  c_w.l(libinit2.o)
    0x000012ec   0x000012ec   0x00000002   Code   RO          245    .ARM.Collect$$libshutdown$$00000000  c_w.l(libshutdown.o)
    0x000012ee   0x000012ee   0x00000000   Code   RO          257    .ARM.Collect$$libshutdown$$00000002  c_w.l(libshutdown2.o)
    0x000012ee   0x000012ee   0x00000000   Code   RO          259    .ARM.Collect$$libshutdown$$00000004  c_w.l(libshutdown2.o)
    0x000012ee   0x000012ee   0x00000000   Code   RO          262    .ARM.Collect$$libshutdown$$00000007  c_w.l(libshutdown2.o)
    0x000012ee   0x000012ee   0x00000000   Code   RO          265    .ARM.Collect$$libshutdown$$0000000A  c_w.l(libshutdown2.o)
    0x000012ee   0x000012ee   0x00000000   Code   RO          267    .ARM.Collect$$libshutdown$$0000000C  c_w.l(libshutdown2.o)
    0x000012ee   0x000012ee   0x00000000   Code   RO          270    .ARM.Collect$$libshutdown$$0000000F  c_w.l(libshutdown2.o)
    0x000012ee   0x000012ee   0x00000002   Code   RO          271    .ARM.Collect$$libshutdown$$00000010  c_w.l(libshutdown2.o)
    0x000012f0   0x000012f0   0x00000000   Code   RO          130    .ARM.Collect$$rtentry$$00000000  c_w.l(__rtentry.o)
    0x000012f0   0x000012f0   0x00000000   Code   RO          132    .ARM.Collect$$rtentry$$00000002  c_w.l(__rtentry2.o)
    0x000012f0   0x000012f0   0x00000004   Code   RO          146    .ARM.Collect$$rtentry$$00000007  c_w.l(__rtentry7.o)
    0x000012f4   0x000012f4   0x00000000   Code   RO          134    .ARM.Collect$$rtentry$$00000009  c_w.l(__rtentry2.o)
    0x000012f4   0x000012f4   0x00000004   Code   RO          135    .ARM.Collect$$rtentry$$0000000A  c_w.l(__rtentry2.o)
    0x000012f8   0x000012f8   0x00000000   Code   RO          137    .ARM.Collect$$rtentry$$0000000C  c_w.l(__rtentry2.o)
    0x000012f8   0x000012f8   0x00000008   Code   RO          138    .ARM.Collect$$rtentry$$0000000D  c_w.l(__rtentry2.o)
    0x00001300   0x00001300   0x00000004   Code   RO          147    .ARM.Collect$$rtentry$$00002718  c_w.l(__rtentry7.o)
    0x00001304   0x00001304   0x00000002   Code   RO          168    .ARM.Collect$$rtexit$$00000000  c_w.l(rtexit.o)
    0x00001306   0x00001306   0x00000000   Code   RO          225    .ARM.Collect$$rtexit$$00000002  c_w.l(rtexit2.o)
    0x00001306   0x00001306   0x00000004   Code   RO          226    .ARM.Collect$$rtexit$$00000003  c_w.l(rtexit2.o)
    0x0000130a   0x0000130a   0x00000006   Code   RO          227    .ARM.Collect$$rtexit$$00000004  c_w.l(rtexit2.o)
    0x00001310   0x00001310   0x0000009c   Code   RO          103    .text               startup_s32k144.o
    0x000013ac   0x000013ac   0x00000012   Code   RO          153    .text               c_w.l(exit.o)
    0x000013be   0x000013be   0x00000002   Code   RO          221    .text               c_w.l(use_no_semi.o)
    0x000013c0   0x000013c0   0x00000000   Code   RO          223    .text               c_w.l(indicate_semi.o)
    0x000013c0   0x000013c0   0x0000000c   Code   RO          235    .text               c_w.l(sys_exit.o)
    0x000013cc   0x000013cc   0x00000002   Code   RO           42    .text.SysTick_Handler  systick_isr.o
    0x000013ce   0x000013ce   0x00000002   PAD
    0x000013d0   0x000013d0   0x00000052   Code   RO          112    .text.SystemInit    system_s32k144.o
    0x00001422   0x00001422   0x00000002   PAD
    0x00001424   0x00001424   0x000000a0   Code   RO           95    .text.init_data_bss  startup.o
    0x000014c4   0x000014c4   0x0000014e   Code   RO            5    .text.main          main.o
    0x00001612   0x00001612   0x0000001a   Code   RO          233    x$fpl$fpinit        fz_wm.l(fpinit.o)
    0x0000162c   0x0000162c   0x00000020   Data   RO          305    Region$$Table       anon$$obj.o


    Execution Region VECTOR_RAM (Exec base: 0x1fff8000, Load base: 0x00000230, Size: 0x00000400, Max: 0x00000400, ABSOLUTE)

    Exec Addr    Load Addr    Size         Type   Attr      Idx    E Section Name        Object

    0x1fff8000        -       0x00000400   Zero   RW            1    VECTOR_RAM.bss      anon$$obj.o


    Execution Region RW_m_data (Exec base: 0x1fff8400, Load base: 0x0000164c, Size: 0x00000048, Max: 0xffffffff, ABSOLUTE)

    Exec Addr    Load Addr    Size         Type   Attr      Idx    E Section Name        Object

    0x1fff8400   0x0000164c   0x00000004   Data   RW           52    .lpit_driver_data   lpit.o
    0x1fff8404   0x00001650   0x0000001c   Data   RW            8    .uart_driver_data   main.o
    0x1fff8420   0x0000166c   0x00000028   Data   RW           80    .uart_driver_data   uart_isr.o


    Execution Region RW_m_code (Exec base: 0x1fff8448, Load base: 0x00001694, Size: 0x00000000, Max: 0x00007c00, ABSOLUTE)

    **** No section assigned to this execution region ****


    Execution Region RW_m_custom_section (Exec base: 0x20000000, Load base: 0x00001694, Size: 0x00000000, Max: 0xffffffff, ABSOLUTE)

    **** No section assigned to this execution region ****


    Execution Region RW_m_data_2 (Exec base: 0x20000000, Load base: 0x00001694, Size: 0x00000060, Max: 0x00006800, ABSOLUTE)

    Exec Addr    Load Addr    Size         Type   Attr      Idx    E Section Name        Object

    0x20000000        -       0x00000004   Zero   RW           27    .gpio_driver_bss    gpio_isr.o
    0x20000004        -       0x00000004   Zero   RW            9    .lpit_driver_bss    main.o
    0x20000008        -       0x00000004   Zero   RW           53    .lpit_driver_bss    lpit.o
    0x2000000c        -       0x00000020   Zero   RW            7    .uart_driver_bss    main.o
    0x2000002c        -       0x00000028   Zero   RW           70    .uart_driver_bss    uart.o
    0x20000054        -       0x0000000c   Zero   RW           79    .uart_driver_bss    uart_isr.o


    Execution Region ARM_LIB_HEAP (Exec base: 0x20000060, Load base: 0x00001694, Size: 0x00000400, Max: 0x00000400, ABSOLUTE)

    Exec Addr    Load Addr    Size         Type   Attr      Idx    E Section Name        Object

    0x20000060        -       0x00000400   Zero   RW            2    ARM_LIB_HEAP.bss    anon$$obj.o


    Execution Region ARM_LIB_STACK (Exec base: 0x20006c00, Load base: 0x00001694, Size: 0x00000400, Max: 0x00000400, ABSOLUTE)

    Exec Addr    Load Addr    Size         Type   Attr      Idx    E Section Name        Object

    0x20006c00        -       0x00000400   Zero   RW            3    ARM_LIB_STACK.bss   anon$$obj.o


==============================================================================

Image component sizes


      Code (inc. data)   RO Data    RW Data    ZI Data      Debug   Object Name

       420          0          0          0          0       1522   gpio.o
       278          0          0          0          4        723   gpio_isr.o
       474          0          0          4          4       1707   lpit.o
        84          0          0          0          0       1001   lpit_isr.o
       334          0          0         28         36       1107   main.o
       828          0          0          0          0       2076   spi.o
       160          0          4          0          0       1080   startup.o
       156        106        576          0          0        924   startup_s32k144.o
        82          0          0          0          0       2844   system_s32k144.o
         2          0          0          0          0        341   systick_isr.o
       626          0          0          0         40       2039   uart.o
       960          0          0         40         12       1666   uart_isr.o

    ----------------------------------------------------------------------
      4414        106        612         72       3168      17030   Object Totals
         0          0         32          0       3072          0   (incl. Generated)
        10          0          0          0          0          0   (incl. Padding)

    ----------------------------------------------------------------------

      Code (inc. data)   RO Data    RW Data    ZI Data      Debug   Library Member Name

         8          0          0          0          0         68   __main.o
         0          0          0          0          0          0   __rtentry.o
        12          0          0          0          0          0   __rtentry2.o
         8          4          0          0          0          0   __rtentry7.o
        52          8          0          0          0          0   __scatter.o
        26          0          0          0          0          0   __scatter_copy.o
        28          0          0          0          0          0   __scatter_zi.o
        18          0          0          0          0         80   exit.o
         0          0          0          0          0          0   indicate_semi.o
         2          0          0          0          0          0   libinit.o
         6          0          0          0          0          0   libinit2.o
         2          0          0          0          0          0   libshutdown.o
         2          0          0          0          0          0   libshutdown2.o
         2          0          0          0          0          0   rtexit.o
        10          0          0          0          0          0   rtexit2.o
        12          4          0          0          0         68   sys_exit.o
         2          0          0          0          0         68   use_no_semi.o
        26          0          0          0          0        116   fpinit.o

    ----------------------------------------------------------------------
       218         16          0          0          0        400   Library Totals
         2          0          0          0          0          0   (incl. Padding)

    ----------------------------------------------------------------------

      Code (inc. data)   RO Data    RW Data    ZI Data      Debug   Library Name

       190         16          0          0          0        284   c_w.l
        26          0          0          0          0        116   fz_wm.l

    ----------------------------------------------------------------------
       218         16          0          0          0        400   Library Totals

    ----------------------------------------------------------------------

==============================================================================


      Code (inc. data)   RO Data    RW Data    ZI Data      Debug   

      4632        122        612         72       3168      17230   Grand Totals
      4632        122        612         72       3168      17230   ELF Image Totals
      4632        122        612         72          0          0   ROM Totals

==============================================================================

    Total RO  Size (Code + RO Data)                 5244 (   5.12kB)
    Total RW  Size (RW Data + ZI Data)              3240 (   3.16kB)
    Total ROM Size (Code + RO Data + RW Data)       5316 (   5.19kB)

==============================================================================

